Archive member included because of file (symbol)

c:/ti/ccsv6/tools/compiler/gcc_msp430_4.9.14r1_167/bin/../lib/gcc/msp430-elf/4.9.1/large\libgcc.a(srli.o)
                              c:/ti/ccsv6/tools/compiler/gcc_msp430_4.9.14r1_167/bin/../lib/gcc/msp430-elf/4.9.1/large/crtbegin.o (__mspabi_srli_15)
c:/ti/ccsv6/tools/compiler/gcc_msp430_4.9.14r1_167/bin/../lib/gcc/msp430-elf/4.9.1/../../../../msp430-elf/lib/large\libcrt.a(crt_bss.o)
                              c:/ti/ccsv6/tools/compiler/gcc_msp430_4.9.14r1_167/bin/../lib/gcc/msp430-elf/4.9.1/large/crtbegin.o (__crt0_init_bss)
c:/ti/ccsv6/tools/compiler/gcc_msp430_4.9.14r1_167/bin/../lib/gcc/msp430-elf/4.9.1/../../../../msp430-elf/lib/large\libcrt.a(crt_movedata.o)
                              c:/ti/ccsv6/tools/compiler/gcc_msp430_4.9.14r1_167/bin/../lib/gcc/msp430-elf/4.9.1/large/crtbegin.o (__crt0_movedata)
c:/ti/ccsv6/tools/compiler/gcc_msp430_4.9.14r1_167/bin/../lib/gcc/msp430-elf/4.9.1/../../../../msp430-elf/lib/large\libcrt.a(crt_main.o)
                              c:/ti/ccsv6/tools/compiler/gcc_msp430_4.9.14r1_167/bin/../lib/gcc/msp430-elf/4.9.1/../../../../msp430-elf/lib/large/crt0.o (__crt0_call_init_then_main)
c:/ti/ccsv6/tools/compiler/gcc_msp430_4.9.14r1_167/bin/../lib/gcc/msp430-elf/4.9.1/../../../../msp430-elf/lib/large\libcrt.a(crt_callexit.o)
                              ./main.o (__crt0_call_exit)
c:/ti/ccsv6/tools/compiler/gcc_msp430_4.9.14r1_167/bin/../lib/gcc/msp430-elf/4.9.1/../../../../msp430-elf/lib/large\libnosys.a(nosyscalls.o)
                              c:/ti/ccsv6/tools/compiler/gcc_msp430_4.9.14r1_167/bin/../lib/gcc/msp430-elf/4.9.1/../../../../msp430-elf/lib/large\libcrt.a(crt_callexit.o) (_exit)
c:/ti/ccsv6/tools/compiler/gcc_msp430_4.9.14r1_167/bin/../lib/gcc/msp430-elf/4.9.1/../../../../msp430-elf/lib/large\libc.a(lib_a-errno.o)
                              c:/ti/ccsv6/tools/compiler/gcc_msp430_4.9.14r1_167/bin/../lib/gcc/msp430-elf/4.9.1/../../../../msp430-elf/lib/large\libnosys.a(nosyscalls.o) (__errno)
c:/ti/ccsv6/tools/compiler/gcc_msp430_4.9.14r1_167/bin/../lib/gcc/msp430-elf/4.9.1/../../../../msp430-elf/lib/large\libc.a(lib_a-impure.o)
                              c:/ti/ccsv6/tools/compiler/gcc_msp430_4.9.14r1_167/bin/../lib/gcc/msp430-elf/4.9.1/../../../../msp430-elf/lib/large\libc.a(lib_a-errno.o) (_impure_ptr)
c:/ti/ccsv6/tools/compiler/gcc_msp430_4.9.14r1_167/bin/../lib/gcc/msp430-elf/4.9.1/../../../../msp430-elf/lib/large\libc.a(lib_a-memmove.o)
                              c:/ti/ccsv6/tools/compiler/gcc_msp430_4.9.14r1_167/bin/../lib/gcc/msp430-elf/4.9.1/../../../../msp430-elf/lib/large\libcrt.a(crt_movedata.o) (memmove)
c:/ti/ccsv6/tools/compiler/gcc_msp430_4.9.14r1_167/bin/../lib/gcc/msp430-elf/4.9.1/../../../../msp430-elf/lib/large\libc.a(lib_a-memset.o)
                              c:/ti/ccsv6/tools/compiler/gcc_msp430_4.9.14r1_167/bin/../lib/gcc/msp430-elf/4.9.1/../../../../msp430-elf/lib/large\libcrt.a(crt_bss.o) (memset)

Discarded input sections

 .text          0x00000000        0x0 c:/ti/ccsv6/tools/compiler/gcc_msp430_4.9.14r1_167/bin/../lib/gcc/msp430-elf/4.9.1/../../../../msp430-elf/lib/large/crt0.o
 .data          0x00000000        0x0 c:/ti/ccsv6/tools/compiler/gcc_msp430_4.9.14r1_167/bin/../lib/gcc/msp430-elf/4.9.1/../../../../msp430-elf/lib/large/crt0.o
 .bss           0x00000000        0x0 c:/ti/ccsv6/tools/compiler/gcc_msp430_4.9.14r1_167/bin/../lib/gcc/msp430-elf/4.9.1/../../../../msp430-elf/lib/large/crt0.o
 .data          0x00000000        0x4 c:/ti/ccsv6/tools/compiler/gcc_msp430_4.9.14r1_167/bin/../lib/gcc/msp430-elf/4.9.1/large/crtbegin.o
 .data          0x00000000        0x0 ./main.o
 .bss           0x00000000        0x0 ./main.o
 .data          0x00000000        0x0 c:/ti/ccsv6/tools/compiler/gcc_msp430_4.9.14r1_167/bin/../lib/gcc/msp430-elf/4.9.1/large\libgcc.a(srli.o)
 .bss           0x00000000        0x0 c:/ti/ccsv6/tools/compiler/gcc_msp430_4.9.14r1_167/bin/../lib/gcc/msp430-elf/4.9.1/large\libgcc.a(srli.o)
 .text          0x00000000        0x0 c:/ti/ccsv6/tools/compiler/gcc_msp430_4.9.14r1_167/bin/../lib/gcc/msp430-elf/4.9.1/../../../../msp430-elf/lib/large\libcrt.a(crt_bss.o)
 .data          0x00000000        0x0 c:/ti/ccsv6/tools/compiler/gcc_msp430_4.9.14r1_167/bin/../lib/gcc/msp430-elf/4.9.1/../../../../msp430-elf/lib/large\libcrt.a(crt_bss.o)
 .bss           0x00000000        0x0 c:/ti/ccsv6/tools/compiler/gcc_msp430_4.9.14r1_167/bin/../lib/gcc/msp430-elf/4.9.1/../../../../msp430-elf/lib/large\libcrt.a(crt_bss.o)
 .text          0x00000000        0x0 c:/ti/ccsv6/tools/compiler/gcc_msp430_4.9.14r1_167/bin/../lib/gcc/msp430-elf/4.9.1/../../../../msp430-elf/lib/large\libcrt.a(crt_movedata.o)
 .data          0x00000000        0x0 c:/ti/ccsv6/tools/compiler/gcc_msp430_4.9.14r1_167/bin/../lib/gcc/msp430-elf/4.9.1/../../../../msp430-elf/lib/large\libcrt.a(crt_movedata.o)
 .bss           0x00000000        0x0 c:/ti/ccsv6/tools/compiler/gcc_msp430_4.9.14r1_167/bin/../lib/gcc/msp430-elf/4.9.1/../../../../msp430-elf/lib/large\libcrt.a(crt_movedata.o)
 .text          0x00000000        0x0 c:/ti/ccsv6/tools/compiler/gcc_msp430_4.9.14r1_167/bin/../lib/gcc/msp430-elf/4.9.1/../../../../msp430-elf/lib/large\libcrt.a(crt_main.o)
 .data          0x00000000        0x0 c:/ti/ccsv6/tools/compiler/gcc_msp430_4.9.14r1_167/bin/../lib/gcc/msp430-elf/4.9.1/../../../../msp430-elf/lib/large\libcrt.a(crt_main.o)
 .bss           0x00000000        0x0 c:/ti/ccsv6/tools/compiler/gcc_msp430_4.9.14r1_167/bin/../lib/gcc/msp430-elf/4.9.1/../../../../msp430-elf/lib/large\libcrt.a(crt_main.o)
 .text          0x00000000        0x0 c:/ti/ccsv6/tools/compiler/gcc_msp430_4.9.14r1_167/bin/../lib/gcc/msp430-elf/4.9.1/../../../../msp430-elf/lib/large\libcrt.a(crt_callexit.o)
 .data          0x00000000        0x0 c:/ti/ccsv6/tools/compiler/gcc_msp430_4.9.14r1_167/bin/../lib/gcc/msp430-elf/4.9.1/../../../../msp430-elf/lib/large\libcrt.a(crt_callexit.o)
 .bss           0x00000000        0x0 c:/ti/ccsv6/tools/compiler/gcc_msp430_4.9.14r1_167/bin/../lib/gcc/msp430-elf/4.9.1/../../../../msp430-elf/lib/large\libcrt.a(crt_callexit.o)
 .data          0x00000000        0x0 c:/ti/ccsv6/tools/compiler/gcc_msp430_4.9.14r1_167/bin/../lib/gcc/msp430-elf/4.9.1/../../../../msp430-elf/lib/large\libnosys.a(nosyscalls.o)
 .bss           0x00000000        0x0 c:/ti/ccsv6/tools/compiler/gcc_msp430_4.9.14r1_167/bin/../lib/gcc/msp430-elf/4.9.1/../../../../msp430-elf/lib/large\libnosys.a(nosyscalls.o)
 .text          0x00000000        0x0 c:/ti/ccsv6/tools/compiler/gcc_msp430_4.9.14r1_167/bin/../lib/gcc/msp430-elf/4.9.1/../../../../msp430-elf/lib/large\libc.a(lib_a-errno.o)
 .data          0x00000000        0x0 c:/ti/ccsv6/tools/compiler/gcc_msp430_4.9.14r1_167/bin/../lib/gcc/msp430-elf/4.9.1/../../../../msp430-elf/lib/large\libc.a(lib_a-errno.o)
 .bss           0x00000000        0x0 c:/ti/ccsv6/tools/compiler/gcc_msp430_4.9.14r1_167/bin/../lib/gcc/msp430-elf/4.9.1/../../../../msp430-elf/lib/large\libc.a(lib_a-errno.o)
 .text          0x00000000        0x0 c:/ti/ccsv6/tools/compiler/gcc_msp430_4.9.14r1_167/bin/../lib/gcc/msp430-elf/4.9.1/../../../../msp430-elf/lib/large\libc.a(lib_a-impure.o)
 .data          0x00000000        0x0 c:/ti/ccsv6/tools/compiler/gcc_msp430_4.9.14r1_167/bin/../lib/gcc/msp430-elf/4.9.1/../../../../msp430-elf/lib/large\libc.a(lib_a-impure.o)
 .bss           0x00000000        0x0 c:/ti/ccsv6/tools/compiler/gcc_msp430_4.9.14r1_167/bin/../lib/gcc/msp430-elf/4.9.1/../../../../msp430-elf/lib/large\libc.a(lib_a-impure.o)
 .rodata._global_impure_ptr
                0x00000000        0x4 c:/ti/ccsv6/tools/compiler/gcc_msp430_4.9.14r1_167/bin/../lib/gcc/msp430-elf/4.9.1/../../../../msp430-elf/lib/large\libc.a(lib_a-impure.o)
 .text          0x00000000        0x0 c:/ti/ccsv6/tools/compiler/gcc_msp430_4.9.14r1_167/bin/../lib/gcc/msp430-elf/4.9.1/../../../../msp430-elf/lib/large\libc.a(lib_a-memmove.o)
 .data          0x00000000        0x0 c:/ti/ccsv6/tools/compiler/gcc_msp430_4.9.14r1_167/bin/../lib/gcc/msp430-elf/4.9.1/../../../../msp430-elf/lib/large\libc.a(lib_a-memmove.o)
 .bss           0x00000000        0x0 c:/ti/ccsv6/tools/compiler/gcc_msp430_4.9.14r1_167/bin/../lib/gcc/msp430-elf/4.9.1/../../../../msp430-elf/lib/large\libc.a(lib_a-memmove.o)
 .text          0x00000000        0x0 c:/ti/ccsv6/tools/compiler/gcc_msp430_4.9.14r1_167/bin/../lib/gcc/msp430-elf/4.9.1/../../../../msp430-elf/lib/large\libc.a(lib_a-memset.o)
 .data          0x00000000        0x0 c:/ti/ccsv6/tools/compiler/gcc_msp430_4.9.14r1_167/bin/../lib/gcc/msp430-elf/4.9.1/../../../../msp430-elf/lib/large\libc.a(lib_a-memset.o)
 .bss           0x00000000        0x0 c:/ti/ccsv6/tools/compiler/gcc_msp430_4.9.14r1_167/bin/../lib/gcc/msp430-elf/4.9.1/../../../../msp430-elf/lib/large\libc.a(lib_a-memset.o)
 .data          0x00000000        0x0 c:/ti/ccsv6/tools/compiler/gcc_msp430_4.9.14r1_167/bin/../lib/gcc/msp430-elf/4.9.1/large/crtend.o
 .bss           0x00000000        0x0 c:/ti/ccsv6/tools/compiler/gcc_msp430_4.9.14r1_167/bin/../lib/gcc/msp430-elf/4.9.1/large/crtend.o
 .text          0x00000000        0x0 c:/ti/ccsv6/tools/compiler/gcc_msp430_4.9.14r1_167/bin/../lib/gcc/msp430-elf/4.9.1/../../../../msp430-elf/lib/large/crtn.o
 .data          0x00000000        0x0 c:/ti/ccsv6/tools/compiler/gcc_msp430_4.9.14r1_167/bin/../lib/gcc/msp430-elf/4.9.1/../../../../msp430-elf/lib/large/crtn.o
 .bss           0x00000000        0x0 c:/ti/ccsv6/tools/compiler/gcc_msp430_4.9.14r1_167/bin/../lib/gcc/msp430-elf/4.9.1/../../../../msp430-elf/lib/large/crtn.o

Memory Configuration

Name             Origin             Length             Attributes
SFR              0x00000000         0x00000010
PERIPHERAL_8BIT  0x00000010         0x000000f0
PERIPHERAL_16BIT 0x00000100         0x00000100
RAM              0x00002400         0x00002000
INFOMEM          0x00001800         0x00000200
INFOA            0x00001980         0x00000080
INFOB            0x00001900         0x00000080
INFOC            0x00001880         0x00000080
INFOD            0x00001800         0x00000080
ROM              0x00004400         0x0000bb80         xr
VECT1            0x0000ff80         0x00000002
VECT2            0x0000ff82         0x00000002
VECT3            0x0000ff84         0x00000002
VECT4            0x0000ff86         0x00000002
VECT5            0x0000ff88         0x00000002
VECT6            0x0000ff8a         0x00000002
VECT7            0x0000ff8c         0x00000002
VECT8            0x0000ff8e         0x00000002
VECT9            0x0000ff90         0x00000002
VECT10           0x0000ff92         0x00000002
VECT11           0x0000ff94         0x00000002
VECT12           0x0000ff96         0x00000002
VECT13           0x0000ff98         0x00000002
VECT14           0x0000ff9a         0x00000002
VECT15           0x0000ff9c         0x00000002
VECT16           0x0000ff9e         0x00000002
VECT17           0x0000ffa0         0x00000002
VECT18           0x0000ffa2         0x00000002
VECT19           0x0000ffa4         0x00000002
VECT20           0x0000ffa6         0x00000002
VECT21           0x0000ffa8         0x00000002
VECT22           0x0000ffaa         0x00000002
VECT23           0x0000ffac         0x00000002
VECT24           0x0000ffae         0x00000002
VECT25           0x0000ffb0         0x00000002
VECT26           0x0000ffb2         0x00000002
VECT27           0x0000ffb4         0x00000002
VECT28           0x0000ffb6         0x00000002
VECT29           0x0000ffb8         0x00000002
VECT30           0x0000ffba         0x00000002
VECT31           0x0000ffbc         0x00000002
VECT32           0x0000ffbe         0x00000002
VECT33           0x0000ffc0         0x00000002
VECT34           0x0000ffc2         0x00000002
VECT35           0x0000ffc4         0x00000002
VECT36           0x0000ffc6         0x00000002
VECT37           0x0000ffc8         0x00000002
VECT38           0x0000ffca         0x00000002
VECT39           0x0000ffcc         0x00000002
VECT40           0x0000ffce         0x00000002
VECT41           0x0000ffd0         0x00000002
VECT42           0x0000ffd2         0x00000002
VECT43           0x0000ffd4         0x00000002
VECT44           0x0000ffd6         0x00000002
VECT45           0x0000ffd8         0x00000002
VECT46           0x0000ffda         0x00000002
VECT47           0x0000ffdc         0x00000002
VECT48           0x0000ffde         0x00000002
VECT49           0x0000ffe0         0x00000002
VECT50           0x0000ffe2         0x00000002
VECT51           0x0000ffe4         0x00000002
VECT52           0x0000ffe6         0x00000002
VECT53           0x0000ffe8         0x00000002
VECT54           0x0000ffea         0x00000002
VECT55           0x0000ffec         0x00000002
VECT56           0x0000ffee         0x00000002
VECT57           0x0000fff0         0x00000002
VECT58           0x0000fff2         0x00000002
VECT59           0x0000fff4         0x00000002
VECT60           0x0000fff6         0x00000002
VECT61           0x0000fff8         0x00000002
VECT62           0x0000fffa         0x00000002
VECT63           0x0000fffc         0x00000002
RESETVEC         0x0000fffe         0x00000002
BSL              0x00001000         0x00000800
USBRAM           0x00001c00         0x00000800
HIROM            0x00010000         0x000143ff         xr
*default*        0x00000000         0xffffffff

Linker script and memory map

LOAD c:/ti/ccsv6/tools/compiler/gcc_msp430_4.9.14r1_167/bin/../lib/gcc/msp430-elf/4.9.1/../../../../msp430-elf/lib/large/crt0.o
LOAD c:/ti/ccsv6/tools/compiler/gcc_msp430_4.9.14r1_167/bin/../lib/gcc/msp430-elf/4.9.1/large/crtbegin.o
LOAD ./main.o
START GROUP
LOAD c:/ti/ccsv6/tools/compiler/gcc_msp430_4.9.14r1_167/bin/../lib/gcc/msp430-elf/4.9.1/../../../../msp430-elf/lib/large\libc.a
LOAD c:/ti/ccsv6/tools/compiler/gcc_msp430_4.9.14r1_167/bin/../lib/gcc/msp430-elf/4.9.1/large\libgcc.a
END GROUP
LOAD c:/ti/ccsv6/tools/compiler/gcc_msp430_4.9.14r1_167/bin/../lib/gcc/msp430-elf/4.9.1/large\libgcc.a
START GROUP
LOAD c:/ti/ccsv6/tools/compiler/gcc_msp430_4.9.14r1_167/bin/../lib/gcc/msp430-elf/4.9.1/../../../../msp430-elf/lib/large\libc.a
LOAD c:/ti/ccsv6/tools/compiler/gcc_msp430_4.9.14r1_167/bin/../lib/gcc/msp430-elf/4.9.1/large\libgcc.a
LOAD c:/ti/ccsv6/tools/compiler/gcc_msp430_4.9.14r1_167/bin/../lib/gcc/msp430-elf/4.9.1/../../../../msp430-elf/lib/large\libcrt.a
LOAD c:/ti/ccsv6/tools/compiler/gcc_msp430_4.9.14r1_167/bin/../lib/gcc/msp430-elf/4.9.1/../../../../msp430-elf/lib/large\libnosys.a
END GROUP
LOAD c:/ti/ccsv6/tools/compiler/gcc_msp430_4.9.14r1_167/bin/../lib/gcc/msp430-elf/4.9.1/large\libgcc.a
LOAD c:/ti/ccsv6/tools/compiler/gcc_msp430_4.9.14r1_167/bin/../lib/gcc/msp430-elf/4.9.1/large/crtend.o
LOAD c:/ti/ccsv6/tools/compiler/gcc_msp430_4.9.14r1_167/bin/../lib/gcc/msp430-elf/4.9.1/../../../../msp430-elf/lib/large/crtn.o
LOAD c:/ti/ccsv6/tools/compiler/gcc_msp430_4.9.14r1_167/bin/../lib/gcc/msp430-elf/4.9.1/large\libgcc.a

__interrupt_vector_1
 *(__interrupt_vector_1)

__interrupt_vector_2
 *(__interrupt_vector_2)

__interrupt_vector_3
 *(__interrupt_vector_3)

__interrupt_vector_4
 *(__interrupt_vector_4)

__interrupt_vector_5
 *(__interrupt_vector_5)

__interrupt_vector_6
 *(__interrupt_vector_6)

__interrupt_vector_7
 *(__interrupt_vector_7)

__interrupt_vector_8
 *(__interrupt_vector_8)

__interrupt_vector_9
 *(__interrupt_vector_9)

__interrupt_vector_10
 *(__interrupt_vector_10)

__interrupt_vector_11
 *(__interrupt_vector_11)

__interrupt_vector_12
 *(__interrupt_vector_12)

__interrupt_vector_13
 *(__interrupt_vector_13)

__interrupt_vector_14
 *(__interrupt_vector_14)

__interrupt_vector_15
 *(__interrupt_vector_15)

__interrupt_vector_16
 *(__interrupt_vector_16)

__interrupt_vector_17
 *(__interrupt_vector_17)

__interrupt_vector_18
 *(__interrupt_vector_18)

__interrupt_vector_19
 *(__interrupt_vector_19)

__interrupt_vector_20
 *(__interrupt_vector_20)

__interrupt_vector_21
 *(__interrupt_vector_21)

__interrupt_vector_22
 *(__interrupt_vector_22)

__interrupt_vector_23
 *(__interrupt_vector_23)

__interrupt_vector_24
 *(__interrupt_vector_24)

__interrupt_vector_25
 *(__interrupt_vector_25)

__interrupt_vector_26
 *(__interrupt_vector_26)

__interrupt_vector_27
 *(__interrupt_vector_27)

__interrupt_vector_28
 *(__interrupt_vector_28)

__interrupt_vector_29
 *(__interrupt_vector_29)

__interrupt_vector_30
 *(__interrupt_vector_30)

__interrupt_vector_31
 *(__interrupt_vector_31)

__interrupt_vector_32
 *(__interrupt_vector_32)

__interrupt_vector_33
 *(__interrupt_vector_33)

__interrupt_vector_34
 *(__interrupt_vector_34)

__interrupt_vector_35
 *(__interrupt_vector_35)

__interrupt_vector_36
 *(__interrupt_vector_36)

__interrupt_vector_37
 *(__interrupt_vector_37)

__interrupt_vector_38
 *(__interrupt_vector_38)

__interrupt_vector_39
 *(__interrupt_vector_39)

__interrupt_vector_40
 *(__interrupt_vector_40)

__interrupt_vector_41
 *(__interrupt_vector_41)

__interrupt_vector_42
 *(__interrupt_vector_42)
 *(__interrupt_vector_rtc)

__interrupt_vector_43
 *(__interrupt_vector_43)
 *(__interrupt_vector_port2)

__interrupt_vector_44
 *(__interrupt_vector_44)
 *(__interrupt_vector_timer2_a1)

__interrupt_vector_45
 *(__interrupt_vector_45)
 *(__interrupt_vector_timer2_a0)

__interrupt_vector_46
 *(__interrupt_vector_46)
 *(__interrupt_vector_usci_b1)

__interrupt_vector_47
 *(__interrupt_vector_47)
 *(__interrupt_vector_usci_a1)

__interrupt_vector_48
 *(__interrupt_vector_48)
 *(__interrupt_vector_port1)

__interrupt_vector_49
 *(__interrupt_vector_49)
 *(__interrupt_vector_timer1_a1)

__interrupt_vector_50
 *(__interrupt_vector_50)
 *(__interrupt_vector_timer1_a0)

__interrupt_vector_51
 *(__interrupt_vector_51)
 *(__interrupt_vector_dma)

__interrupt_vector_52
 *(__interrupt_vector_52)
 *(__interrupt_vector_usb_ubm)

__interrupt_vector_53
 *(__interrupt_vector_53)
 *(__interrupt_vector_timer0_a1)

__interrupt_vector_54
 *(__interrupt_vector_54)
 *(__interrupt_vector_timer0_a0)

__interrupt_vector_55
 *(__interrupt_vector_55)
 *(__interrupt_vector_adc12)

__interrupt_vector_56
 *(__interrupt_vector_56)
 *(__interrupt_vector_usci_b0)

__interrupt_vector_57
 *(__interrupt_vector_57)
 *(__interrupt_vector_usci_a0)

__interrupt_vector_58
 *(__interrupt_vector_58)
 *(__interrupt_vector_wdt)

__interrupt_vector_59
 *(__interrupt_vector_59)
 *(__interrupt_vector_timer0_b1)

__interrupt_vector_60
 *(__interrupt_vector_60)
 *(__interrupt_vector_timer0_b0)

__interrupt_vector_61
 *(__interrupt_vector_61)
 *(__interrupt_vector_comp_b)

__interrupt_vector_62
 *(__interrupt_vector_62)
 *(__interrupt_vector_unmi)

__interrupt_vector_63
 *(__interrupt_vector_63)
 *(__interrupt_vector_sysnmi)

__reset_vector  0x0000fffe        0x2
 *(__interrupt_vector_64)
 *(__interrupt_vector_reset)
 *(.resetvec)
 .resetvec      0x0000fffe        0x2 c:/ti/ccsv6/tools/compiler/gcc_msp430_4.9.14r1_167/bin/../lib/gcc/msp430-elf/4.9.1/../../../../msp430-elf/lib/large/crt0.o

.rodata         0x00004400       0x1c
                0x00004400                . = ALIGN (0x2)
 *(.plt)
                0x00004400                . = ALIGN (0x2)
 *(.lower.rodata.* .lower.rodata)
                0x00004400                . = ALIGN (0x2)
 *(.rodata .rodata.* .gnu.linkonce.r.* .const .const:*)
 .rodata        0x00004400        0x2 c:/ti/ccsv6/tools/compiler/gcc_msp430_4.9.14r1_167/bin/../lib/gcc/msp430-elf/4.9.1/../../../../msp430-elf/lib/large\libc.a(lib_a-impure.o)
 *(.rodata1)
 *(.eh_frame_hdr)
 *(.eh_frame)
 *fill*         0x00004402        0x2 
 .eh_frame      0x00004404        0x0 c:/ti/ccsv6/tools/compiler/gcc_msp430_4.9.14r1_167/bin/../lib/gcc/msp430-elf/4.9.1/large/crtbegin.o
 .eh_frame      0x00004404        0x4 c:/ti/ccsv6/tools/compiler/gcc_msp430_4.9.14r1_167/bin/../lib/gcc/msp430-elf/4.9.1/large/crtend.o
 *(.gcc_except_table)
 *(.gcc_except_table.*)
                0x00004408                PROVIDE (__preinit_array_start, .)
 *(.preinit_array)
                0x00004408                PROVIDE (__preinit_array_end, .)
                0x00004408                PROVIDE (__init_array_start, .)
 *(SORT(.init_array.*))
 *(.init_array)
                0x00004408                PROVIDE (__init_array_end, .)
                0x00004408                PROVIDE (__fini_array_start, .)
 *(.fini_array)
 *(SORT(.fini_array.*))
                0x00004408                PROVIDE (__fini_array_end, .)
                0x00004408        0x4 LONG 0x0
 *crtbegin*.o(.ctors)
 .ctors         0x0000440c        0x4 c:/ti/ccsv6/tools/compiler/gcc_msp430_4.9.14r1_167/bin/../lib/gcc/msp430-elf/4.9.1/large/crtbegin.o
 *(EXCLUDE_FILE(*crtend*.o) .ctors)
 *(SORT(.ctors.*))
 *(.ctors)
 .ctors         0x00004410        0x4 c:/ti/ccsv6/tools/compiler/gcc_msp430_4.9.14r1_167/bin/../lib/gcc/msp430-elf/4.9.1/large/crtend.o
 *crtbegin*.o(.dtors)
 .dtors         0x00004414        0x4 c:/ti/ccsv6/tools/compiler/gcc_msp430_4.9.14r1_167/bin/../lib/gcc/msp430-elf/4.9.1/large/crtbegin.o
 *(EXCLUDE_FILE(*crtend*.o) .dtors)
 *(SORT(.dtors.*))
 *(.dtors)
 .dtors         0x00004418        0x4 c:/ti/ccsv6/tools/compiler/gcc_msp430_4.9.14r1_167/bin/../lib/gcc/msp430-elf/4.9.1/large/crtend.o
                0x00004418                __DTOR_END__

.upper.rodata
 *(.upper.rodata.* .upper.rodata)

.data           0x00002400       0xe8 load address 0x0000441c
                0x00002400                . = ALIGN (0x2)
                0x00002400                PROVIDE (__datastart, .)
 *(.lower.data.* .lower.data)
                0x00002400                . = ALIGN (0x2)
 *(.either.data.* .either.data)
                0x00002400                . = ALIGN (0x2)
 *(.jcr)
 .jcr           0x00002400        0x0 c:/ti/ccsv6/tools/compiler/gcc_msp430_4.9.14r1_167/bin/../lib/gcc/msp430-elf/4.9.1/large/crtbegin.o
 .jcr           0x00002400        0x4 c:/ti/ccsv6/tools/compiler/gcc_msp430_4.9.14r1_167/bin/../lib/gcc/msp430-elf/4.9.1/large/crtend.o
 *(.data.rel.ro.local)
 *(.data.rel.ro*)
 *(.dynamic)
                0x00002404                . = ALIGN (0x2)
 *(.data .data.* .gnu.linkonce.d.*)
 .data._impure_ptr
                0x00002404        0x4 c:/ti/ccsv6/tools/compiler/gcc_msp430_4.9.14r1_167/bin/../lib/gcc/msp430-elf/4.9.1/../../../../msp430-elf/lib/large\libc.a(lib_a-impure.o)
                0x00002404                _impure_ptr
 .data.impure_data
                0x00002408       0xe0 c:/ti/ccsv6/tools/compiler/gcc_msp430_4.9.14r1_167/bin/../lib/gcc/msp430-elf/4.9.1/../../../../msp430-elf/lib/large\libc.a(lib_a-impure.o)
 *(.gnu.linkonce.d.*personality*)
 *(.data1)
 *(.got.plt)
 *(.got)
                0x000024e8                . = ALIGN (0x2)
 *(.sdata .sdata.* .gnu.linkonce.s.* D_2 D_1)
                0x000024e8                . = ALIGN (0x2)
                0x000024e8                _edata = .
                0x000024e8                PROVIDE (edata, .)
                0x000024e8                PROVIDE (__dataend, .)
                0x0000441c                PROVIDE (__romdatastart, LOADADDR (.data))
                0x000000e8                PROVIDE (__romdatacopysize, SIZEOF (.data))

.bss            0x000024e8       0x1e load address 0x00004504
                0x000024e8                . = ALIGN (0x2)
                0x000024e8                PROVIDE (__bssstart, .)
 *(.lower.bss.* .lower.bss)
                0x000024e8                . = ALIGN (0x2)
 *(.either.bss.* .either.bss)
 *(.dynbss)
 *(.sbss .sbss.*)
 *(.bss .bss.* .gnu.linkonce.b.*)
 .bss           0x000024e8       0x1e c:/ti/ccsv6/tools/compiler/gcc_msp430_4.9.14r1_167/bin/../lib/gcc/msp430-elf/4.9.1/large/crtbegin.o
                0x00002506                . = ALIGN (0x2)
 *(COMMON)
                0x00002506                PROVIDE (__bssend, .)
                0x0000001e                PROVIDE (__bsssize, SIZEOF (.bss))

.noinit         0x00002506        0x0 load address 0x00004504
                0x00002506                . = ALIGN (0x2)
                0x00002506                PROVIDE (__noinit_start, .)
 *(.noinit)
                0x00002506                . = ALIGN (0x2)
                0x00002506                PROVIDE (__noinit_end, .)
                0x00002506                _end = .
                0x00002506                PROVIDE (end, .)

.stack          0x00004400        0x0
                0x00004400                PROVIDE (__stack, .)
 *(.stack)

.lowtext        0x00004504       0x7c
                0x00004504                PROVIDE (_start, .)
                0x00004504                . = ALIGN (0x2)
 *(SORT(.crt_*))
 .crt_0000start
                0x00004504        0xa c:/ti/ccsv6/tools/compiler/gcc_msp430_4.9.14r1_167/bin/../lib/gcc/msp430-elf/4.9.1/../../../../msp430-elf/lib/large/crt0.o
                0x00004504                __crt0_start
 .crt_0100init_bss
                0x0000450e       0x10 c:/ti/ccsv6/tools/compiler/gcc_msp430_4.9.14r1_167/bin/../lib/gcc/msp430-elf/4.9.1/../../../../msp430-elf/lib/large\libcrt.a(crt_bss.o)
                0x0000450e                __crt0_init_bss
 .crt_0300movedata
                0x0000451e       0x14 c:/ti/ccsv6/tools/compiler/gcc_msp430_4.9.14r1_167/bin/../lib/gcc/msp430-elf/4.9.1/../../../../msp430-elf/lib/large\libcrt.a(crt_movedata.o)
                0x0000451e                __crt0_movedata
 .crt_0700call_init_then_main
                0x00004532        0xa c:/ti/ccsv6/tools/compiler/gcc_msp430_4.9.14r1_167/bin/../lib/gcc/msp430-elf/4.9.1/../../../../msp430-elf/lib/large\libcrt.a(crt_main.o)
                0x00004532                __crt0_call_init_then_main
 .crt_0800call_exit
                0x0000453c        0x4 c:/ti/ccsv6/tools/compiler/gcc_msp430_4.9.14r1_167/bin/../lib/gcc/msp430-elf/4.9.1/../../../../msp430-elf/lib/large\libcrt.a(crt_callexit.o)
                0x0000453c                __crt0_call_exit
 .crt_0900main_init
                0x00004540       0x40 c:/ti/ccsv6/tools/compiler/gcc_msp430_4.9.14r1_167/bin/../lib/gcc/msp430-elf/4.9.1/../../../../msp430-elf/lib/large/crt0.o
                0x00004540                _msp430_run_init_array
                0x00004550                _msp430_run_preinit_array
                0x00004560                _msp430_run_fini_array
 *(.lowtext)

.text           0x00004580      0x418
                0x00004580                . = ALIGN (0x2)
 *(.lower.text.* .lower.text)
                0x00004580                . = ALIGN (0x2)
 *(.text .stub .text.* .gnu.linkonce.t.* .text:*)
 .text          0x00004580      0x16a c:/ti/ccsv6/tools/compiler/gcc_msp430_4.9.14r1_167/bin/../lib/gcc/msp430-elf/4.9.1/large/crtbegin.o
 .text          0x000046ea       0xce ./main.o
                0x000046ea                main
 .text          0x000047b8       0xb4 c:/ti/ccsv6/tools/compiler/gcc_msp430_4.9.14r1_167/bin/../lib/gcc/msp430-elf/4.9.1/large\libgcc.a(srli.o)
                0x000047b8                __mspabi_srli_15
                0x000047bc                __mspabi_srli_14
                0x000047c0                __mspabi_srli_13
                0x000047c4                __mspabi_srli_12
                0x000047c8                __mspabi_srli_11
                0x000047cc                __mspabi_srli_10
                0x000047d0                __mspabi_srli_9
                0x000047d4                __mspabi_srli_8
                0x000047d8                __mspabi_srli_7
                0x000047dc                __mspabi_srli_6
                0x000047e0                __mspabi_srli_5
                0x000047e4                __mspabi_srli_4
                0x000047e8                __mspabi_srli_3
                0x000047ec                __mspabi_srli_2
                0x000047f0                __mspabi_srli_1
                0x000047fc                __mspabi_srli
                0x00004802                __mspabi_srll_15
                0x00004808                __mspabi_srll_14
                0x0000480e                __mspabi_srll_13
                0x00004814                __mspabi_srll_12
                0x0000481a                __mspabi_srll_11
                0x00004820                __mspabi_srll_10
                0x00004826                __mspabi_srll_9
                0x0000482c                __mspabi_srll_8
                0x00004832                __mspabi_srll_7
                0x00004838                __mspabi_srll_6
                0x0000483e                __mspabi_srll_5
                0x00004844                __mspabi_srll_4
                0x0000484a                __mspabi_srll_3
                0x00004850                __mspabi_srll_2
                0x00004856                __mspabi_srll_1
                0x00004866                __mspabi_srll
 .text          0x0000486c       0x6e c:/ti/ccsv6/tools/compiler/gcc_msp430_4.9.14r1_167/bin/../lib/gcc/msp430-elf/4.9.1/../../../../msp430-elf/lib/large\libnosys.a(nosyscalls.o)
                0x0000486c                exit
                0x0000486c                _exit
                0x00004870                open
                0x00004880                close
                0x00004890                read
                0x000048a0                fstat
                0x000048b0                lseek
                0x000048c0                kill
                0x000048d0                isatty
                0x000048d0                _isatty
                0x000048d4                getpid
 .text.__errno  0x000048da        0x6 c:/ti/ccsv6/tools/compiler/gcc_msp430_4.9.14r1_167/bin/../lib/gcc/msp430-elf/4.9.1/../../../../msp430-elf/lib/large\libc.a(lib_a-errno.o)
                0x000048da                __errno
 .text.memmove  0x000048e0       0x5e c:/ti/ccsv6/tools/compiler/gcc_msp430_4.9.14r1_167/bin/../lib/gcc/msp430-elf/4.9.1/../../../../msp430-elf/lib/large\libc.a(lib_a-memmove.o)
                0x000048e0                memmove
 .text.memset   0x0000493e       0x1a c:/ti/ccsv6/tools/compiler/gcc_msp430_4.9.14r1_167/bin/../lib/gcc/msp430-elf/4.9.1/../../../../msp430-elf/lib/large\libc.a(lib_a-memset.o)
                0x0000493e                memset
 .text          0x00004958       0x24 c:/ti/ccsv6/tools/compiler/gcc_msp430_4.9.14r1_167/bin/../lib/gcc/msp430-elf/4.9.1/large/crtend.o
 *(.text.*personality*)
 *(.gnu.warning)
 *(.interp .hash .dynsym .dynstr .gnu.version*)
                0x0000497c                PROVIDE (__etext, .)
                0x0000497c                PROVIDE (_etext, .)
                0x0000497c                PROVIDE (etext, .)
                0x0000497c                . = ALIGN (0x2)
 *(.init)
 .init          0x0000497c        0x0 c:/ti/ccsv6/tools/compiler/gcc_msp430_4.9.14r1_167/bin/../lib/gcc/msp430-elf/4.9.1/../../../../msp430-elf/lib/large/crt0.o
                0x0000497c                __msp430_init
 .init          0x0000497c        0x4 c:/ti/ccsv6/tools/compiler/gcc_msp430_4.9.14r1_167/bin/../lib/gcc/msp430-elf/4.9.1/large/crtbegin.o
 .init          0x00004980        0x4 c:/ti/ccsv6/tools/compiler/gcc_msp430_4.9.14r1_167/bin/../lib/gcc/msp430-elf/4.9.1/large/crtend.o
 .init          0x00004984        0xa c:/ti/ccsv6/tools/compiler/gcc_msp430_4.9.14r1_167/bin/../lib/gcc/msp430-elf/4.9.1/../../../../msp430-elf/lib/large/crtn.o
                0x0000498e                __msp430_init_end
 *(.fini)
 .fini          0x0000498e        0x4 c:/ti/ccsv6/tools/compiler/gcc_msp430_4.9.14r1_167/bin/../lib/gcc/msp430-elf/4.9.1/../../../../msp430-elf/lib/large/crt0.o
                0x0000498e                __msp430_fini
 .fini          0x00004992        0x4 c:/ti/ccsv6/tools/compiler/gcc_msp430_4.9.14r1_167/bin/../lib/gcc/msp430-elf/4.9.1/large/crtbegin.o
 .fini          0x00004996        0x2 c:/ti/ccsv6/tools/compiler/gcc_msp430_4.9.14r1_167/bin/../lib/gcc/msp430-elf/4.9.1/../../../../msp430-elf/lib/large/crtn.o
                0x00004998                __msp430_fini_end
 *(.tm_clone_table)
 .tm_clone_table
                0x00004998        0x0 c:/ti/ccsv6/tools/compiler/gcc_msp430_4.9.14r1_167/bin/../lib/gcc/msp430-elf/4.9.1/large/crtbegin.o
 .tm_clone_table
                0x00004998        0x0 c:/ti/ccsv6/tools/compiler/gcc_msp430_4.9.14r1_167/bin/../lib/gcc/msp430-elf/4.9.1/large/crtend.o
                0x00004998                __TMC_END__

.upper.text     0x00010000        0x0
                0x00010000                . = ALIGN (0x2)
 *(.upper.text.* .upper.text)

.infoA

.infoB

.infoC

.infoD

.upper          0x00002506        0x0
 *(.upper.bss.* .upper.bss)
 *(.upper.data.* .upper.data)
                0x00000001                ASSERT ((SIZEOF (.upper) == 0x0), This MCU does not support placing read/write data into high memory)

.MP430.attributes
                0x00000000      0x159
 *(.MSP430.attributes)
 .MSP430.attributes
                0x00000000       0x17 c:/ti/ccsv6/tools/compiler/gcc_msp430_4.9.14r1_167/bin/../lib/gcc/msp430-elf/4.9.1/../../../../msp430-elf/lib/large/crt0.o
 .MSP430.attributes
                0x00000017       0x17 c:/ti/ccsv6/tools/compiler/gcc_msp430_4.9.14r1_167/bin/../lib/gcc/msp430-elf/4.9.1/large/crtbegin.o
 .MSP430.attributes
                0x0000002e       0x17 ./main.o
 .MSP430.attributes
                0x00000045       0x17 c:/ti/ccsv6/tools/compiler/gcc_msp430_4.9.14r1_167/bin/../lib/gcc/msp430-elf/4.9.1/large\libgcc.a(srli.o)
 .MSP430.attributes
                0x0000005c       0x17 c:/ti/ccsv6/tools/compiler/gcc_msp430_4.9.14r1_167/bin/../lib/gcc/msp430-elf/4.9.1/../../../../msp430-elf/lib/large\libcrt.a(crt_bss.o)
 .MSP430.attributes
                0x00000073       0x17 c:/ti/ccsv6/tools/compiler/gcc_msp430_4.9.14r1_167/bin/../lib/gcc/msp430-elf/4.9.1/../../../../msp430-elf/lib/large\libcrt.a(crt_movedata.o)
 .MSP430.attributes
                0x0000008a       0x17 c:/ti/ccsv6/tools/compiler/gcc_msp430_4.9.14r1_167/bin/../lib/gcc/msp430-elf/4.9.1/../../../../msp430-elf/lib/large\libcrt.a(crt_main.o)
 .MSP430.attributes
                0x000000a1       0x17 c:/ti/ccsv6/tools/compiler/gcc_msp430_4.9.14r1_167/bin/../lib/gcc/msp430-elf/4.9.1/../../../../msp430-elf/lib/large\libcrt.a(crt_callexit.o)
 .MSP430.attributes
                0x000000b8       0x17 c:/ti/ccsv6/tools/compiler/gcc_msp430_4.9.14r1_167/bin/../lib/gcc/msp430-elf/4.9.1/../../../../msp430-elf/lib/large\libnosys.a(nosyscalls.o)
 .MSP430.attributes
                0x000000cf       0x17 c:/ti/ccsv6/tools/compiler/gcc_msp430_4.9.14r1_167/bin/../lib/gcc/msp430-elf/4.9.1/../../../../msp430-elf/lib/large\libc.a(lib_a-errno.o)
 .MSP430.attributes
                0x000000e6       0x17 c:/ti/ccsv6/tools/compiler/gcc_msp430_4.9.14r1_167/bin/../lib/gcc/msp430-elf/4.9.1/../../../../msp430-elf/lib/large\libc.a(lib_a-impure.o)
 .MSP430.attributes
                0x000000fd       0x17 c:/ti/ccsv6/tools/compiler/gcc_msp430_4.9.14r1_167/bin/../lib/gcc/msp430-elf/4.9.1/../../../../msp430-elf/lib/large\libc.a(lib_a-memmove.o)
 .MSP430.attributes
                0x00000114       0x17 c:/ti/ccsv6/tools/compiler/gcc_msp430_4.9.14r1_167/bin/../lib/gcc/msp430-elf/4.9.1/../../../../msp430-elf/lib/large\libc.a(lib_a-memset.o)
 .MSP430.attributes
                0x0000012b       0x17 c:/ti/ccsv6/tools/compiler/gcc_msp430_4.9.14r1_167/bin/../lib/gcc/msp430-elf/4.9.1/large/crtend.o
 .MSP430.attributes
                0x00000142       0x17 c:/ti/ccsv6/tools/compiler/gcc_msp430_4.9.14r1_167/bin/../lib/gcc/msp430-elf/4.9.1/../../../../msp430-elf/lib/large/crtn.o
 *(.gnu.attributes)
 *(__TI_build_attributes)

.stab
 *(.stab)

.stabstr
 *(.stabstr)

.stab.excl
 *(.stab.excl)

.stab.exclstr
 *(.stab.exclstr)

.stab.index
 *(.stab.index)

.stab.indexstr
 *(.stab.indexstr)

.comment        0x00000000       0x7c
 *(.comment)
 .comment       0x00000000       0x7c c:/ti/ccsv6/tools/compiler/gcc_msp430_4.9.14r1_167/bin/../lib/gcc/msp430-elf/4.9.1/large/crtbegin.o
                                 0x7d (size before relaxing)
 .comment       0x00000000       0x7d ./main.o
 .comment       0x00000000       0x7d c:/ti/ccsv6/tools/compiler/gcc_msp430_4.9.14r1_167/bin/../lib/gcc/msp430-elf/4.9.1/../../../../msp430-elf/lib/large\libc.a(lib_a-errno.o)
 .comment       0x00000000       0x7d c:/ti/ccsv6/tools/compiler/gcc_msp430_4.9.14r1_167/bin/../lib/gcc/msp430-elf/4.9.1/../../../../msp430-elf/lib/large\libc.a(lib_a-impure.o)
 .comment       0x00000000       0x7d c:/ti/ccsv6/tools/compiler/gcc_msp430_4.9.14r1_167/bin/../lib/gcc/msp430-elf/4.9.1/../../../../msp430-elf/lib/large\libc.a(lib_a-memmove.o)
 .comment       0x00000000       0x7d c:/ti/ccsv6/tools/compiler/gcc_msp430_4.9.14r1_167/bin/../lib/gcc/msp430-elf/4.9.1/../../../../msp430-elf/lib/large\libc.a(lib_a-memset.o)
 .comment       0x00000000       0x7d c:/ti/ccsv6/tools/compiler/gcc_msp430_4.9.14r1_167/bin/../lib/gcc/msp430-elf/4.9.1/large/crtend.o

.debug
 *(.debug)

.line
 *(.line)

.debug_srcinfo
 *(.debug_srcinfo)

.debug_sfnames
 *(.debug_sfnames)

.debug_aranges  0x00000000      0x170
 *(.debug_aranges)
 .debug_aranges
                0x00000000       0x30 c:/ti/ccsv6/tools/compiler/gcc_msp430_4.9.14r1_167/bin/../lib/gcc/msp430-elf/4.9.1/../../../../msp430-elf/lib/large/crt0.o
 .debug_aranges
                0x00000030       0x20 c:/ti/ccsv6/tools/compiler/gcc_msp430_4.9.14r1_167/bin/../lib/gcc/msp430-elf/4.9.1/../../../../msp430-elf/lib/large\libcrt.a(crt_bss.o)
 .debug_aranges
                0x00000050       0x20 c:/ti/ccsv6/tools/compiler/gcc_msp430_4.9.14r1_167/bin/../lib/gcc/msp430-elf/4.9.1/../../../../msp430-elf/lib/large\libcrt.a(crt_movedata.o)
 .debug_aranges
                0x00000070       0x20 c:/ti/ccsv6/tools/compiler/gcc_msp430_4.9.14r1_167/bin/../lib/gcc/msp430-elf/4.9.1/../../../../msp430-elf/lib/large\libcrt.a(crt_main.o)
 .debug_aranges
                0x00000090       0x20 c:/ti/ccsv6/tools/compiler/gcc_msp430_4.9.14r1_167/bin/../lib/gcc/msp430-elf/4.9.1/../../../../msp430-elf/lib/large\libcrt.a(crt_callexit.o)
 .debug_aranges
                0x000000b0       0x20 c:/ti/ccsv6/tools/compiler/gcc_msp430_4.9.14r1_167/bin/../lib/gcc/msp430-elf/4.9.1/../../../../msp430-elf/lib/large\libnosys.a(nosyscalls.o)
 .debug_aranges
                0x000000d0       0x20 c:/ti/ccsv6/tools/compiler/gcc_msp430_4.9.14r1_167/bin/../lib/gcc/msp430-elf/4.9.1/../../../../msp430-elf/lib/large\libc.a(lib_a-errno.o)
 .debug_aranges
                0x000000f0       0x18 c:/ti/ccsv6/tools/compiler/gcc_msp430_4.9.14r1_167/bin/../lib/gcc/msp430-elf/4.9.1/../../../../msp430-elf/lib/large\libc.a(lib_a-impure.o)
 .debug_aranges
                0x00000108       0x20 c:/ti/ccsv6/tools/compiler/gcc_msp430_4.9.14r1_167/bin/../lib/gcc/msp430-elf/4.9.1/../../../../msp430-elf/lib/large\libc.a(lib_a-memmove.o)
 .debug_aranges
                0x00000128       0x20 c:/ti/ccsv6/tools/compiler/gcc_msp430_4.9.14r1_167/bin/../lib/gcc/msp430-elf/4.9.1/../../../../msp430-elf/lib/large\libc.a(lib_a-memset.o)
 .debug_aranges
                0x00000148       0x28 c:/ti/ccsv6/tools/compiler/gcc_msp430_4.9.14r1_167/bin/../lib/gcc/msp430-elf/4.9.1/../../../../msp430-elf/lib/large/crtn.o

.debug_pubnames
 *(.debug_pubnames)

.debug_info     0x00000000     0x186f
 *(.debug_info .gnu.linkonce.wi.*)
 .debug_info    0x00000000       0xd2 c:/ti/ccsv6/tools/compiler/gcc_msp430_4.9.14r1_167/bin/../lib/gcc/msp430-elf/4.9.1/../../../../msp430-elf/lib/large/crt0.o
 .debug_info    0x000000d2       0xd6 c:/ti/ccsv6/tools/compiler/gcc_msp430_4.9.14r1_167/bin/../lib/gcc/msp430-elf/4.9.1/../../../../msp430-elf/lib/large\libcrt.a(crt_bss.o)
 .debug_info    0x000001a8       0xd6 c:/ti/ccsv6/tools/compiler/gcc_msp430_4.9.14r1_167/bin/../lib/gcc/msp430-elf/4.9.1/../../../../msp430-elf/lib/large\libcrt.a(crt_movedata.o)
 .debug_info    0x0000027e       0xd6 c:/ti/ccsv6/tools/compiler/gcc_msp430_4.9.14r1_167/bin/../lib/gcc/msp430-elf/4.9.1/../../../../msp430-elf/lib/large\libcrt.a(crt_main.o)
 .debug_info    0x00000354       0xd6 c:/ti/ccsv6/tools/compiler/gcc_msp430_4.9.14r1_167/bin/../lib/gcc/msp430-elf/4.9.1/../../../../msp430-elf/lib/large\libcrt.a(crt_callexit.o)
 .debug_info    0x0000042a       0xdc c:/ti/ccsv6/tools/compiler/gcc_msp430_4.9.14r1_167/bin/../lib/gcc/msp430-elf/4.9.1/../../../../msp430-elf/lib/large\libnosys.a(nosyscalls.o)
 .debug_info    0x00000506      0x809 c:/ti/ccsv6/tools/compiler/gcc_msp430_4.9.14r1_167/bin/../lib/gcc/msp430-elf/4.9.1/../../../../msp430-elf/lib/large\libc.a(lib_a-errno.o)
 .debug_info    0x00000d0f      0x8a7 c:/ti/ccsv6/tools/compiler/gcc_msp430_4.9.14r1_167/bin/../lib/gcc/msp430-elf/4.9.1/../../../../msp430-elf/lib/large\libc.a(lib_a-impure.o)
 .debug_info    0x000015b6      0x10a c:/ti/ccsv6/tools/compiler/gcc_msp430_4.9.14r1_167/bin/../lib/gcc/msp430-elf/4.9.1/../../../../msp430-elf/lib/large\libc.a(lib_a-memmove.o)
 .debug_info    0x000016c0       0xdd c:/ti/ccsv6/tools/compiler/gcc_msp430_4.9.14r1_167/bin/../lib/gcc/msp430-elf/4.9.1/../../../../msp430-elf/lib/large\libc.a(lib_a-memset.o)
 .debug_info    0x0000179d       0xd2 c:/ti/ccsv6/tools/compiler/gcc_msp430_4.9.14r1_167/bin/../lib/gcc/msp430-elf/4.9.1/../../../../msp430-elf/lib/large/crtn.o

.debug_abbrev   0x00000000      0x45e
 *(.debug_abbrev)
 .debug_abbrev  0x00000000       0x12 c:/ti/ccsv6/tools/compiler/gcc_msp430_4.9.14r1_167/bin/../lib/gcc/msp430-elf/4.9.1/../../../../msp430-elf/lib/large/crt0.o
 .debug_abbrev  0x00000012       0x14 c:/ti/ccsv6/tools/compiler/gcc_msp430_4.9.14r1_167/bin/../lib/gcc/msp430-elf/4.9.1/../../../../msp430-elf/lib/large\libcrt.a(crt_bss.o)
 .debug_abbrev  0x00000026       0x14 c:/ti/ccsv6/tools/compiler/gcc_msp430_4.9.14r1_167/bin/../lib/gcc/msp430-elf/4.9.1/../../../../msp430-elf/lib/large\libcrt.a(crt_movedata.o)
 .debug_abbrev  0x0000003a       0x14 c:/ti/ccsv6/tools/compiler/gcc_msp430_4.9.14r1_167/bin/../lib/gcc/msp430-elf/4.9.1/../../../../msp430-elf/lib/large\libcrt.a(crt_main.o)
 .debug_abbrev  0x0000004e       0x14 c:/ti/ccsv6/tools/compiler/gcc_msp430_4.9.14r1_167/bin/../lib/gcc/msp430-elf/4.9.1/../../../../msp430-elf/lib/large\libcrt.a(crt_callexit.o)
 .debug_abbrev  0x00000062       0x14 c:/ti/ccsv6/tools/compiler/gcc_msp430_4.9.14r1_167/bin/../lib/gcc/msp430-elf/4.9.1/../../../../msp430-elf/lib/large\libnosys.a(nosyscalls.o)
 .debug_abbrev  0x00000076      0x157 c:/ti/ccsv6/tools/compiler/gcc_msp430_4.9.14r1_167/bin/../lib/gcc/msp430-elf/4.9.1/../../../../msp430-elf/lib/large\libc.a(lib_a-errno.o)
 .debug_abbrev  0x000001cd      0x159 c:/ti/ccsv6/tools/compiler/gcc_msp430_4.9.14r1_167/bin/../lib/gcc/msp430-elf/4.9.1/../../../../msp430-elf/lib/large\libc.a(lib_a-impure.o)
 .debug_abbrev  0x00000326       0x9a c:/ti/ccsv6/tools/compiler/gcc_msp430_4.9.14r1_167/bin/../lib/gcc/msp430-elf/4.9.1/../../../../msp430-elf/lib/large\libc.a(lib_a-memmove.o)
 .debug_abbrev  0x000003c0       0x8c c:/ti/ccsv6/tools/compiler/gcc_msp430_4.9.14r1_167/bin/../lib/gcc/msp430-elf/4.9.1/../../../../msp430-elf/lib/large\libc.a(lib_a-memset.o)
 .debug_abbrev  0x0000044c       0x12 c:/ti/ccsv6/tools/compiler/gcc_msp430_4.9.14r1_167/bin/../lib/gcc/msp430-elf/4.9.1/../../../../msp430-elf/lib/large/crtn.o

.debug_line     0x00000000      0x956
 *(.debug_line .debug_line.* .debug_line_end)
 .debug_line    0x00000000      0x105 c:/ti/ccsv6/tools/compiler/gcc_msp430_4.9.14r1_167/bin/../lib/gcc/msp430-elf/4.9.1/../../../../msp430-elf/lib/large/crt0.o
 .debug_line    0x00000105       0x8a c:/ti/ccsv6/tools/compiler/gcc_msp430_4.9.14r1_167/bin/../lib/gcc/msp430-elf/4.9.1/../../../../msp430-elf/lib/large\libcrt.a(crt_bss.o)
 .debug_line    0x0000018f       0x90 c:/ti/ccsv6/tools/compiler/gcc_msp430_4.9.14r1_167/bin/../lib/gcc/msp430-elf/4.9.1/../../../../msp430-elf/lib/large\libcrt.a(crt_movedata.o)
 .debug_line    0x0000021f       0x7e c:/ti/ccsv6/tools/compiler/gcc_msp430_4.9.14r1_167/bin/../lib/gcc/msp430-elf/4.9.1/../../../../msp430-elf/lib/large\libcrt.a(crt_main.o)
 .debug_line    0x0000029d       0x72 c:/ti/ccsv6/tools/compiler/gcc_msp430_4.9.14r1_167/bin/../lib/gcc/msp430-elf/4.9.1/../../../../msp430-elf/lib/large\libcrt.a(crt_callexit.o)
 .debug_line    0x0000030f       0xb3 c:/ti/ccsv6/tools/compiler/gcc_msp430_4.9.14r1_167/bin/../lib/gcc/msp430-elf/4.9.1/../../../../msp430-elf/lib/large\libnosys.a(nosyscalls.o)
 .debug_line    0x000003c2      0x137 c:/ti/ccsv6/tools/compiler/gcc_msp430_4.9.14r1_167/bin/../lib/gcc/msp430-elf/4.9.1/../../../../msp430-elf/lib/large\libc.a(lib_a-errno.o)
 .debug_line.text.__errno
                0x000004f9       0x16 c:/ti/ccsv6/tools/compiler/gcc_msp430_4.9.14r1_167/bin/../lib/gcc/msp430-elf/4.9.1/../../../../msp430-elf/lib/large\libc.a(lib_a-errno.o)
 .debug_line_end
                0x0000050f        0x0 c:/ti/ccsv6/tools/compiler/gcc_msp430_4.9.14r1_167/bin/../lib/gcc/msp430-elf/4.9.1/../../../../msp430-elf/lib/large\libc.a(lib_a-errno.o)
 .debug_line    0x0000050f      0x12d c:/ti/ccsv6/tools/compiler/gcc_msp430_4.9.14r1_167/bin/../lib/gcc/msp430-elf/4.9.1/../../../../msp430-elf/lib/large\libc.a(lib_a-impure.o)
 .debug_line_end
                0x0000063c        0x0 c:/ti/ccsv6/tools/compiler/gcc_msp430_4.9.14r1_167/bin/../lib/gcc/msp430-elf/4.9.1/../../../../msp430-elf/lib/large\libc.a(lib_a-impure.o)
 .debug_line    0x0000063c      0x116 c:/ti/ccsv6/tools/compiler/gcc_msp430_4.9.14r1_167/bin/../lib/gcc/msp430-elf/4.9.1/../../../../msp430-elf/lib/large\libc.a(lib_a-memmove.o)
 .debug_line.text.memmove
                0x00000752       0x40 c:/ti/ccsv6/tools/compiler/gcc_msp430_4.9.14r1_167/bin/../lib/gcc/msp430-elf/4.9.1/../../../../msp430-elf/lib/large\libc.a(lib_a-memmove.o)
 .debug_line_end
                0x00000792        0x0 c:/ti/ccsv6/tools/compiler/gcc_msp430_4.9.14r1_167/bin/../lib/gcc/msp430-elf/4.9.1/../../../../msp430-elf/lib/large\libc.a(lib_a-memmove.o)
 .debug_line    0x00000792      0x115 c:/ti/ccsv6/tools/compiler/gcc_msp430_4.9.14r1_167/bin/../lib/gcc/msp430-elf/4.9.1/../../../../msp430-elf/lib/large\libc.a(lib_a-memset.o)
 .debug_line.text.memset
                0x000008a7       0x22 c:/ti/ccsv6/tools/compiler/gcc_msp430_4.9.14r1_167/bin/../lib/gcc/msp430-elf/4.9.1/../../../../msp430-elf/lib/large\libc.a(lib_a-memset.o)
 .debug_line_end
                0x000008c9        0x0 c:/ti/ccsv6/tools/compiler/gcc_msp430_4.9.14r1_167/bin/../lib/gcc/msp430-elf/4.9.1/../../../../msp430-elf/lib/large\libc.a(lib_a-memset.o)
 .debug_line    0x000008c9       0x8d c:/ti/ccsv6/tools/compiler/gcc_msp430_4.9.14r1_167/bin/../lib/gcc/msp430-elf/4.9.1/../../../../msp430-elf/lib/large/crtn.o

.debug_frame    0x00000000       0x9c
 *(.debug_frame)
 .debug_frame   0x00000000       0x24 c:/ti/ccsv6/tools/compiler/gcc_msp430_4.9.14r1_167/bin/../lib/gcc/msp430-elf/4.9.1/../../../../msp430-elf/lib/large\libc.a(lib_a-errno.o)
 .debug_frame   0x00000024       0x48 c:/ti/ccsv6/tools/compiler/gcc_msp430_4.9.14r1_167/bin/../lib/gcc/msp430-elf/4.9.1/../../../../msp430-elf/lib/large\libc.a(lib_a-memmove.o)
 .debug_frame   0x0000006c       0x30 c:/ti/ccsv6/tools/compiler/gcc_msp430_4.9.14r1_167/bin/../lib/gcc/msp430-elf/4.9.1/../../../../msp430-elf/lib/large\libc.a(lib_a-memset.o)

.debug_str      0x00000000      0x662
 *(.debug_str)
 .debug_str     0x00000000      0x503 c:/ti/ccsv6/tools/compiler/gcc_msp430_4.9.14r1_167/bin/../lib/gcc/msp430-elf/4.9.1/../../../../msp430-elf/lib/large\libc.a(lib_a-errno.o)
                                0x579 (size before relaxing)
 .debug_str     0x00000503       0xa3 c:/ti/ccsv6/tools/compiler/gcc_msp430_4.9.14r1_167/bin/../lib/gcc/msp430-elf/4.9.1/../../../../msp430-elf/lib/large\libc.a(lib_a-impure.o)
                                0x5d0 (size before relaxing)
 .debug_str     0x000005a6       0x6f c:/ti/ccsv6/tools/compiler/gcc_msp430_4.9.14r1_167/bin/../lib/gcc/msp430-elf/4.9.1/../../../../msp430-elf/lib/large\libc.a(lib_a-memmove.o)
                                0x1e2 (size before relaxing)
 .debug_str     0x00000615       0x4d c:/ti/ccsv6/tools/compiler/gcc_msp430_4.9.14r1_167/bin/../lib/gcc/msp430-elf/4.9.1/../../../../msp430-elf/lib/large\libc.a(lib_a-memset.o)
                                0x1c7 (size before relaxing)

.debug_loc      0x00000000      0x1fc
 *(.debug_loc)
 .debug_loc     0x00000000      0x172 c:/ti/ccsv6/tools/compiler/gcc_msp430_4.9.14r1_167/bin/../lib/gcc/msp430-elf/4.9.1/../../../../msp430-elf/lib/large\libc.a(lib_a-memmove.o)
 .debug_loc     0x00000172       0x8a c:/ti/ccsv6/tools/compiler/gcc_msp430_4.9.14r1_167/bin/../lib/gcc/msp430-elf/4.9.1/../../../../msp430-elf/lib/large\libc.a(lib_a-memset.o)

.debug_macinfo
 *(.debug_macinfo)

.debug_weaknames
 *(.debug_weaknames)

.debug_funcnames
 *(.debug_funcnames)

.debug_typenames
 *(.debug_typenames)

.debug_varnames
 *(.debug_varnames)

.debug_pubtypes
 *(.debug_pubtypes)

.debug_ranges   0x00000000       0x78
 *(.debug_ranges)
 .debug_ranges  0x00000000       0x28 c:/ti/ccsv6/tools/compiler/gcc_msp430_4.9.14r1_167/bin/../lib/gcc/msp430-elf/4.9.1/../../../../msp430-elf/lib/large/crt0.o
 .debug_ranges  0x00000028       0x10 c:/ti/ccsv6/tools/compiler/gcc_msp430_4.9.14r1_167/bin/../lib/gcc/msp430-elf/4.9.1/../../../../msp430-elf/lib/large\libc.a(lib_a-errno.o)
 .debug_ranges  0x00000038       0x10 c:/ti/ccsv6/tools/compiler/gcc_msp430_4.9.14r1_167/bin/../lib/gcc/msp430-elf/4.9.1/../../../../msp430-elf/lib/large\libc.a(lib_a-memmove.o)
 .debug_ranges  0x00000048       0x10 c:/ti/ccsv6/tools/compiler/gcc_msp430_4.9.14r1_167/bin/../lib/gcc/msp430-elf/4.9.1/../../../../msp430-elf/lib/large\libc.a(lib_a-memset.o)
 .debug_ranges  0x00000058       0x20 c:/ti/ccsv6/tools/compiler/gcc_msp430_4.9.14r1_167/bin/../lib/gcc/msp430-elf/4.9.1/../../../../msp430-elf/lib/large/crtn.o

.debug_macro
 *(.debug_macro)

/DISCARD/
 *(.note.GNU-stack)
OUTPUT(spectrometer-test.out elf32-msp430)
